==========================
How to use 0-add_integer.py
==========================
    
Import module 
>>> add_integer = __import__('0-add_integer').add_integer
    
Addition   
>>> add_integer(1, 2)
3

Addition with b=98
>>> add_integer(2)
100

>>> add_integer(100, -2)
98

Float
>>> add_integer(10.0, 3)
13

>>> add_integer(100.3, -2)
98

Must be an integer

>>> add_integer("hi", 2)
Traceback (most recent call last):
        ...
TypeError: a must be an integer

5) b must be an integer
>>> add_integer(2, "o")
Traceback (most recent call last):
        ...
TypeError: b must be an integer

6) None
>>> add_integer()
Traceback (most recent call last):
        ...
TypeError: add_integer() missing 1 required positional argument: 'a'

b is 98
>>> add_integer(10)
108

float
>>> add_integer(1234.5, 1)
1235

integer bytes
>>> add_integer(1000000000000000, 10)
1000000000000010
